workflow=ordinary;seed=17
mode=rw;count=6;sameChannel=true
written;open=true;position=7;limit=7;capacity=8;readonly=false
cursor=6;length=32
marks=1,1;alias=3
bytes@9=2,3,4,5,6,7;restoredCursor=6
emptyMax=0;growth=0
closed=true
mode=rws;count=6;sameChannel=true
written;open=true;position=6;limit=6;capacity=6;readonly=false
cursor=6;length=32
marks=0,1;alias=3
bytes@10=2,3,4,5,6,7;restoredCursor=6
emptyMax=0;growth=0
closed=true
mode=rwd;count=6;sameChannel=true
written;open=true;position=7;limit=7;capacity=8;readonly=true
cursor=6;length=32
marks=1,1;alias=3
bytes@11=2,3,4,5,6,7;restoredCursor=6
emptyMax=0;growth=0
closed=true
wideOffset=2147483665;count=2;position=2;cursor=7;length=2147483667
bytes@2147483665=11,12;restoredCursor=7
aliasClose=true
case=nullNegative
exception=java.lang.NullPointerException;message=null;null=true;negativeIdentity=false;ISE=false;RTE=true;IO=false
pending=false
after;open=true;position=1;limit=3;capacity=3;readonly=false
cursor=0;length=2147483667
mark=1
cleanup=true
case=negative
exception=java.lang.IllegalArgumentException;message=Negative position;null=false;negativeIdentity=true;ISE=false;RTE=true;IO=false
pending=false
after;open=true;position=1;limit=3;capacity=3;readonly=false
cursor=0;length=2147483667
mark=1
cleanup=true
case=closedNull
exception=java.lang.NullPointerException;message=null;null=true;negativeIdentity=false;ISE=false;RTE=true;IO=false
pending=false
after;open=false;position=1;limit=3;capacity=3;readonly=false
mark=1
cleanup=true
case=closedNegative
exception=java.lang.IllegalArgumentException;message=Negative position;null=false;negativeIdentity=true;ISE=false;RTE=true;IO=false
pending=false
after;open=false;position=1;limit=3;capacity=3;readonly=false
mark=1
cleanup=true
case=closedEmpty
exception=java.nio.channels.ClosedChannelException;message=null;null=true;negativeIdentity=false;ISE=false;RTE=false;IO=true
pending=false
after;open=false;position=1;limit=1;capacity=3;readonly=false
mark=1
cleanup=true
case=readNull
exception=java.lang.NullPointerException;message=null;null=true;negativeIdentity=false;ISE=false;RTE=true;IO=false
pending=false
after;open=true;position=1;limit=3;capacity=3;readonly=false
cursor=0;length=2147483667
mark=1
cleanup=true
case=readNegative
exception=java.lang.IllegalArgumentException;message=Negative position;null=false;negativeIdentity=true;ISE=false;RTE=true;IO=false
pending=false
after;open=true;position=1;limit=3;capacity=3;readonly=false
cursor=0;length=2147483667
mark=1
cleanup=true
case=readEmpty
exception=java.nio.channels.NonWritableChannelException;message=null;null=true;negativeIdentity=false;ISE=true;RTE=true;IO=false
pending=false
after;open=true;position=1;limit=1;capacity=3;readonly=false
cursor=0;length=2147483667
mark=1
cleanup=true
case=readValid
exception=java.nio.channels.NonWritableChannelException;message=null;null=true;negativeIdentity=false;ISE=true;RTE=true;IO=false
pending=false
after;open=true;position=1;limit=3;capacity=3;readonly=false
cursor=0;length=2147483667
mark=1
cleanup=true
case=preNull
exception=java.lang.NullPointerException;message=null;null=true;negativeIdentity=false;ISE=false;RTE=true;IO=false
pending=true
after;open=true;position=1;limit=3;capacity=3;readonly=false
cursor=0;length=2147483667
mark=1
cleanup=true
case=preNegative
exception=java.lang.IllegalArgumentException;message=Negative position;null=false;negativeIdentity=true;ISE=false;RTE=true;IO=false
pending=true
after;open=true;position=1;limit=3;capacity=3;readonly=false
cursor=0;length=2147483667
mark=1
cleanup=true
case=preRead
exception=java.nio.channels.NonWritableChannelException;message=null;null=true;negativeIdentity=false;ISE=true;RTE=true;IO=false
pending=true
after;open=true;position=1;limit=3;capacity=3;readonly=false
cursor=0;length=2147483667
mark=1
cleanup=true
case=preClosed
exception=java.nio.channels.ClosedChannelException;message=null;null=true;negativeIdentity=false;ISE=false;RTE=false;IO=true
pending=true
after;open=false;position=1;limit=3;capacity=3;readonly=false
mark=1
cleanup=true
case=preValid
exception=java.nio.channels.ClosedByInterruptException;message=null;null=true;negativeIdentity=false;ISE=false;RTE=false;IO=true
pending=true
after;open=false;position=1;limit=3;capacity=3;readonly=false
mark=1
cleanup=true
case=preEmpty
exception=java.nio.channels.ClosedByInterruptException;message=null;null=true;negativeIdentity=false;ISE=false;RTE=false;IO=true
pending=true
after;open=false;position=1;limit=1;capacity=3;readonly=false
mark=1
cleanup=true
canonicalDescriptor
exception=java.nio.channels.NonWritableChannelException;message=null;null=true;negativeIdentity=false;ISE=true;RTE=true;IO=false
foreignDescriptor
exception=foreign.NonWritableChannelException;message=null;null=true;negativeIdentity=false;ISE=false;RTE=true;IO=false
sourceDescriptor
exception=probe.Main$SourceException;message=null;null=true;negativeIdentity=false;ISE=false;RTE=true;IO=false
eval=0
exception=java.lang.IllegalStateException;message=receiver;null=false;negativeIdentity=false;ISE=true;RTE=true;IO=false
trace=R;position=0;cursor=0
eval=1
exception=java.lang.IllegalStateException;message=source;null=false;negativeIdentity=false;ISE=true;RTE=true;IO=false
trace=RS;position=0;cursor=0
eval=2
exception=java.lang.IllegalStateException;message=position;null=false;negativeIdentity=false;ISE=true;RTE=true;IO=false
trace=RSP;position=0;cursor=0
eval=3
returned=2
trace=RSP;position=2;cursor=0
eval=4
exception=java.lang.NullPointerException;message=Cannot invoke "java.nio.channels.FileChannel.write(java.nio.ByteBuffer, long)" because the return value of "probe.Main.receiver(java.nio.channels.FileChannel, boolean)" is null;null=false;negativeIdentity=false;ISE=false;RTE=true;IO=false
trace=RSP;position=0;cursor=0
