0:java.nio.ReadOnlyBufferException:true:true:1:1:4:10:11:12:13
1:java.nio.ReadOnlyBufferException:true:true:1:1:4:10:11:12:13
2:java.nio.ReadOnlyBufferException:true:true:1:1:4:10:11:12:13
3:java.lang.NullPointerException:false:true:1:1:4:10:11:12:13
4:java.nio.ReadOnlyBufferException:true:true:1:1:4:10:11:12:13
5:java.nio.ReadOnlyBufferException:true:true:1:1:4:10:11:12:13
6:java.nio.ReadOnlyBufferException:true:true:1:1:4:10:11:12:13
7:java.lang.NullPointerException:false:true:1:1:4:10:11:12:13
8:java.nio.ReadOnlyBufferException:true:true:1:1:4:10:11:12:13
9:java.nio.ReadOnlyBufferException:true:true:1:1:4:10:11:12:13
10:java.nio.ReadOnlyBufferException:true:true:1:1:4:10:11:12:13
11:java.nio.ReadOnlyBufferException:true:true:4:1:4:10:11:12:13
12:java.nio.ReadOnlyBufferException:true:true:1:1:4:10:11:12:13
13:java.nio.ReadOnlyBufferException:true:true:1:1:4:10:11:12:13
14:java.nio.ReadOnlyBufferException:true:true:1:1:4:10:11:12:13
15:java.nio.ReadOnlyBufferException:true:true:1:1:4:10:11:12:13
16:java.nio.ReadOnlyBufferException:true:true:1:1:4:10:11:12:13
17:java.nio.ReadOnlyBufferException:true:true:1:1:4:10:11:12:13
18:java.nio.ReadOnlyBufferException:true:true:1:1:4:10:11:12:13
19:java.nio.ReadOnlyBufferException:true:true:1:1:4:10:11:12:13
20:java.nio.ReadOnlyBufferException:true:true:1:1:4:10:11:12:13
21:java.nio.ReadOnlyBufferException:true:true:1:1:4:10:11:12:13
22:java.nio.ReadOnlyBufferException:true:true:1:1:4:10:11:12:13
23:java.nio.ReadOnlyBufferException:true:true:1:1:4:10:11:12:13
24:java.nio.ReadOnlyBufferException:true:true:1:1:4:10:11:12:13
25:java.nio.ReadOnlyBufferException:true:true:1:1:4:10:11:12:13
26:java.nio.ReadOnlyBufferException:true:true:1:1:4:10:11:12:13
views:true:true:true:true:false:false:false:2:6:8:true:true:2:1
alias:42:42:42:2:2
mark:2:2
order-null:true
state:0:2:true
source:5:4:1:42:3
bulk:2:9:10:1:2:6:7
char:55296:65535:2
digest:4:4:1:3:-112:99
