mode:r:ok:5:0:true
mode:rw:ok:5:0:true
mode:rws:ok:5:0:true
mode:rwd:ok:5:0:true
invalid::java.lang.IllegalArgumentException:73,108,108,101,103,97,108,32,109,111,100,101,32,34,34,32,109,117,115,116,32,98,101,32,111,110,101,32,111,102,32,34,114,34,44,32,34,114,119,34,44,32,34,114,119,115,34,44,32,111,114,32,34,114,119,100,34,
invalid:120,:java.lang.IllegalArgumentException:73,108,108,101,103,97,108,32,109,111,100,101,32,34,120,34,32,109,117,115,116,32,98,101,32,111,110,101,32,111,102,32,34,114,34,44,32,34,114,119,34,44,32,34,114,119,115,34,44,32,111,114,32,34,114,119,100,34,
invalid:114,119,119,:java.lang.IllegalArgumentException:73,108,108,101,103,97,108,32,109,111,100,101,32,34,114,119,119,34,32,109,117,115,116,32,98,101,32,111,110,101,32,111,102,32,34,114,34,44,32,34,114,119,34,44,32,34,114,119,115,34,44,32,111,114,32,34,114,119,100,34,
invalid:82,87,:java.lang.IllegalArgumentException:73,108,108,101,103,97,108,32,109,111,100,101,32,34,82,87,34,32,109,117,115,116,32,98,101,32,111,110,101,32,111,102,32,34,114,34,44,32,34,114,119,34,44,32,34,114,119,115,34,44,32,111,114,32,34,114,119,100,34,
invalid:114,0,:java.lang.IllegalArgumentException:73,108,108,101,103,97,108,32,109,111,100,101,32,34,114,0,34,32,109,117,115,116,32,98,101,32,111,110,101,32,111,102,32,34,114,34,44,32,34,114,119,34,44,32,34,114,119,115,34,44,32,111,114,32,34,114,119,100,34,
invalid:55357,56832,:java.lang.IllegalArgumentException:73,108,108,101,103,97,108,32,109,111,100,101,32,34,55357,56832,34,32,109,117,115,116,32,98,101,32,111,110,101,32,111,102,32,34,114,34,44,32,34,114,119,34,44,32,34,114,119,115,34,44,32,111,114,32,34,114,119,100,34,
invalid:55296,:java.lang.IllegalArgumentException:73,108,108,101,103,97,108,32,109,111,100,101,32,34,55296,34,32,109,117,115,116,32,98,101,32,111,110,101,32,111,102,32,34,114,34,44,32,34,114,119,34,44,32,34,114,119,115,34,44,32,111,114,32,34,114,119,100,34,
null-mode:java.lang.NullPointerException:67,97,110,110,111,116,32,105,110,118,111,107,101,32,34,83,116,114,105,110,103,46,101,113,117,97,108,115,40,79,98,106,101,99,116,41,34,32,98,101,99,97,117,115,101,32,34,109,111,100,101,34,32,105,115,32,110,117,108,108,
missing:java.io.FileNotFoundException:102,105,108,101,115,47,109,105,115,115,105,110,103,46,100,97,116,32,40,78,111,32,115,117,99,104,32,102,105,108,101,32,111,114,32,100,105,114,101,99,116,111,114,121,41,
parent-missing:java.io.FileNotFoundException:110,111,45,112,97,114,101,110,116,47,102,105,108,101,32,40,78,111,32,115,117,99,104,32,102,105,108,101,32,111,114,32,100,105,114,101,99,116,111,114,121,41,
directory-r:java.io.FileNotFoundException:102,105,108,101,115,32,40,73,115,32,97,32,100,105,114,101,99,116,111,114,121,41,
directory-rw:java.io.FileNotFoundException:102,105,108,101,115,32,40,73,115,32,97,32,100,105,114,101,99,116,111,114,121,41,
nul:java.io.FileNotFoundException:73,110,118,97,108,105,100,32,102,105,108,101,32,112,97,116,104,
nul-invalid:java.lang.IllegalArgumentException:73,108,108,101,103,97,108,32,109,111,100,101,32,34,120,34,32,109,117,115,116,32,98,101,32,111,110,101,32,111,102,32,34,114,34,44,32,34,114,119,34,44,32,34,114,119,115,34,44,32,111,114,32,34,114,119,100,34,
nul-null:java.lang.NullPointerException:67,97,110,110,111,116,32,105,110,118,111,107,101,32,34,83,116,114,105,110,103,46,101,113,117,97,108,115,40,79,98,106,101,99,116,41,34,32,98,101,99,97,117,115,101,32,34,109,111,100,101,34,32,105,115,32,110,117,108,108,
unicode:ok:5:0:true
surrogate:ok:5:0:true
normalized:ok:5:0:true
device:ok:0:0:true
cursor:99:3:5
shared:java.io.IOException
create:ok:0:0:true:true
