nameCount 3
fileName gamma.txt
parent alpha/beta
startsWith true
startsWithPartial false
endsWith true
normalize alpha/gamma
resolve alpha/beta
absolute true
pathOf alpha/beta
tempSuffix true
dirExists true
isDirectory true
readString 11
size 11
isRegularFile true
lineCount 2
line alpha
line beta
streamCount 2
writtenLines 3
writtenSize 14
copiedSize 14
movedExists true
copiedGone false
createdSize 0
afterAppend 2
bufferedSize 16
readerLines 2
stringWriter in-memory
byteStream captured 8
firstByte 98
deleted false
deleteIfExists false
dirGone false
tempDeleted true
